ARM Linker, 5.03 [Build 76] [MDK-ARM Lite]

==============================================================================

Section Cross References

    seraildriver.o(MyCode) refers to seraildriver.o(Start) for SystemInit
    seraildriver.o(MyCode) refers to seraildriver.o(MyData) for TxRec
    seraildriver.o(MyCode) refers to seraildriver.o(MyConst) for TypePrmp
    seraildriver.o(RESET) refers to seraildriver.o(SSTACK) for SP_INIT
    seraildriver.o(RESET) refers to seraildriver.o(MyCode) for Reset_Handler
    seraildriver.o(RESET) refers to seraildriver.o(Start) for Dummy_Handler


==============================================================================

Image Symbol Table

    Local Symbols

    Symbol Name                              Value     Ov Type        Size  Object(Section)

    RESET                                    0x00000000   Section      192  seraildriver.o(RESET)
    SerailDriver.s                           0x00000000   Number         0  seraildriver.o ABSOLUTE
    Start                                    0x000000c0   Section      248  seraildriver.o(Start)
    SystemInit                               0x000000c1   Thumb Code     0  seraildriver.o(Start)
    SetClock48MHz                            0x000000f7   Thumb Code     0  seraildriver.o(Start)
    Dummy_Handler                            0x00000195   Thumb Code     0  seraildriver.o(Start)
    MyConst                                  0x000001b8   Section      168  seraildriver.o(MyConst)
    TypePrmp                                 0x000001b8   Data          34  seraildriver.o(MyConst)
    CharPrmp                                 0x000001da   Data          22  seraildriver.o(MyConst)
    Sec                                      0x000001f0   Data          11  seraildriver.o(MyConst)
    Fail                                     0x000001fb   Data          11  seraildriver.o(MyConst)
    Status                                   0x00000206   Data          10  seraildriver.o(MyConst)
    In                                       0x00000210   Data           4  seraildriver.o(MyConst)
    Out                                      0x00000214   Data           7  seraildriver.o(MyConst)
    Num                                      0x0000021b   Data           7  seraildriver.o(MyConst)
    help                                     0x00000222   Data          60  seraildriver.o(MyConst)
    .ARM.__at_0x400                          0x00000400   Section       16  seraildriver.o(.ARM.__at_0x400)
    MyCode                                   0x00000410   Section     1096  seraildriver.o(MyCode)
    UART1_ISR                                0x000007a1   Thumb Code     2  seraildriver.o(MyCode)
    MyData                                   0x20000000   Section      300  seraildriver.o(MyData)
    TxRec                                    0x20000000   Data          18  seraildriver.o(MyData)
    TxBuff                                   0x20000014   Data          80  seraildriver.o(MyData)
    RxRec                                    0x20000064   Data          18  seraildriver.o(MyData)
    RxBuff                                   0x20000078   Data          80  seraildriver.o(MyData)
    PrRec                                    0x200000c8   Data          18  seraildriver.o(MyData)
    PrBuff                                   0x200000dc   Data          80  seraildriver.o(MyData)
    SSTACK                                   0x2000012c   Section      256  seraildriver.o(SSTACK)
    SP_INIT                                  0x2000022c   Data           0  seraildriver.o(SSTACK)

    Global Symbols

    Symbol Name                              Value     Ov Type        Size  Object(Section)

    BuildAttributes$$THM_ISAv3M$S$PE$A:L22$X:L11$S22$IEEE1$IW$USESV6$~STKCKD$USESV7$~SHL$OSPACE$EBA8$STANDARDLIB$EABIv2 0x00000000   Number         0  anon$$obj.o ABSOLUTE
    __Vectors                                0x00000000   Data           0  seraildriver.o(RESET)
    Reset_Handler                            0x00000411   Thumb Code     0  seraildriver.o(MyCode)



==============================================================================

Memory Map of the image

  Image Entry point : 0x00000411

  Load Region LR_IROM1 (Base: 0x00000000, Size: 0x00000a84, Max: 0x00020000, ABSOLUTE)

    Execution Region ER_IROM1 (Base: 0x00000000, Size: 0x00000858, Max: 0x00020000, ABSOLUTE)

    Base Addr    Size         Type   Attr      Idx    E Section Name        Object

    0x00000000   0x000000c0   Data   RO            5    RESET               seraildriver.o
    0x000000c0   0x000000f8   Code   RO            2    Start               seraildriver.o
    0x000001b8   0x000000a8   Data   RO            6    MyConst             seraildriver.o
    0x00000260   0x000001a0   PAD
    0x00000400   0x00000010   Code   RO            1    .ARM.__at_0x400     seraildriver.o
    0x00000410   0x00000448   Code   RO            4  * MyCode              seraildriver.o


    Execution Region RW_IRAM2 (Base: 0x20000000, Size: 0x0000022c, Max: 0x00003000, ABSOLUTE)

    Base Addr    Size         Type   Attr      Idx    E Section Name        Object

    0x20000000   0x0000012c   Data   RW            7    MyData              seraildriver.o
    0x2000012c   0x00000100   Data   RW            3    SSTACK              seraildriver.o


==============================================================================

Image component sizes


      Code (inc. data)   RO Data    RW Data    ZI Data      Debug   Object Name

      1360        196        360        556          0       1028   seraildriver.o

    ----------------------------------------------------------------------
      1360        196        776        556          0       1028   Object Totals
         0          0          0          0          0          0   (incl. Generated)
         0          0        416          0          0          0   (incl. Padding)

    ----------------------------------------------------------------------
         0          0          0          0          0          0   Library Totals
         0          0          0          0          0          0   (incl. Padding)

    ----------------------------------------------------------------------

==============================================================================


      Code (inc. data)   RO Data    RW Data    ZI Data      Debug   

      1360        196        776        556          0       1028   Grand Totals
      1360        196        776        556          0       1028   ELF Image Totals
      1360        196        776        556          0          0   ROM Totals

==============================================================================

    Total RO  Size (Code + RO Data)                 2136 (   2.09kB)
    Total RW  Size (RW Data + ZI Data)               556 (   0.54kB)
    Total ROM Size (Code + RO Data + RW Data)       2692 (   2.63kB)

==============================================================================

