ARM Linker, 5.03 [Build 76] [MDK-ARM Lite]

==============================================================================

Section Cross References

    stopwatch.o(MyCode) refers to stopwatch.o(Start) for SystemInit
    stopwatch.o(MyCode) refers to stopwatch.o(MyData) for TxRec
    stopwatch.o(MyCode) refers to stopwatch.o(MyConst) for UsrPrmp
    stopwatch.o(RESET) refers to stopwatch.o(SSTACK) for SP_INIT
    stopwatch.o(RESET) refers to stopwatch.o(MyCode) for Reset_Handler
    stopwatch.o(RESET) refers to stopwatch.o(Start) for Dummy_Handler


==============================================================================

Image Symbol Table

    Local Symbols

    Symbol Name                              Value     Ov Type        Size  Object(Section)

    RESET                                    0x00000000   Section      192  stopwatch.o(RESET)
    StopWatch.s                              0x00000000   Number         0  stopwatch.o ABSOLUTE
    Start                                    0x000000c0   Section      248  stopwatch.o(Start)
    SystemInit                               0x000000c1   Thumb Code     0  stopwatch.o(Start)
    SetClock48MHz                            0x000000f7   Thumb Code     0  stopwatch.o(Start)
    Dummy_Handler                            0x00000195   Thumb Code     0  stopwatch.o(Start)
    MyConst                                  0x000001b8   Section      120  stopwatch.o(MyConst)
    UsrPrmp                                  0x000001b8   Data          47  stopwatch.o(MyConst)
    HlpPrmp                                  0x000001e7   Data          50  stopwatch.o(MyConst)
    SpacerP                                  0x00000219   Data           4  stopwatch.o(MyConst)
    TimeReP                                  0x0000021d   Data          13  stopwatch.o(MyConst)
    NewLine                                  0x0000022a   Data           4  stopwatch.o(MyConst)
    .ARM.__at_0x400                          0x00000400   Section       16  stopwatch.o(.ARM.__at_0x400)
    MyCode                                   0x00000410   Section      884  stopwatch.o(MyCode)
    PIT_ISR                                  0x0000068b   Thumb Code     0  stopwatch.o(MyCode)
    UART1_ISR                                0x000006a5   Thumb Code     2  stopwatch.o(MyCode)
    MyData                                   0x20000000   Section      208  stopwatch.o(MyData)
    TxRec                                    0x20000000   Data          18  stopwatch.o(MyData)
    TxBuff                                   0x20000014   Data          80  stopwatch.o(MyData)
    RxRec                                    0x20000064   Data          18  stopwatch.o(MyData)
    RxBuff                                   0x20000078   Data          80  stopwatch.o(MyData)
    Count                                    0x200000c8   Data           4  stopwatch.o(MyData)
    RunStopWatch                             0x200000cc   Data           1  stopwatch.o(MyData)
    SSTACK                                   0x200000d0   Section      256  stopwatch.o(SSTACK)
    SP_INIT                                  0x200001d0   Data           0  stopwatch.o(SSTACK)

    Global Symbols

    Symbol Name                              Value     Ov Type        Size  Object(Section)

    BuildAttributes$$THM_ISAv3M$S$PE$A:L22$X:L11$S22$IEEE1$IW$USESV6$~STKCKD$USESV7$~SHL$OSPACE$EBA8$STANDARDLIB$EABIv2 0x00000000   Number         0  anon$$obj.o ABSOLUTE
    __Vectors                                0x00000000   Data           0  stopwatch.o(RESET)
    Reset_Handler                            0x00000411   Thumb Code     0  stopwatch.o(MyCode)



==============================================================================

Memory Map of the image

  Image Entry point : 0x00000411

  Load Region LR_IROM1 (Base: 0x00000000, Size: 0x00000954, Max: 0x00020000, ABSOLUTE)

    Execution Region ER_IROM1 (Base: 0x00000000, Size: 0x00000784, Max: 0x00020000, ABSOLUTE)

    Base Addr    Size         Type   Attr      Idx    E Section Name        Object

    0x00000000   0x000000c0   Data   RO            5    RESET               stopwatch.o
    0x000000c0   0x000000f8   Code   RO            2    Start               stopwatch.o
    0x000001b8   0x00000078   Data   RO            6    MyConst             stopwatch.o
    0x00000230   0x000001d0   PAD
    0x00000400   0x00000010   Code   RO            1    .ARM.__at_0x400     stopwatch.o
    0x00000410   0x00000374   Code   RO            4  * MyCode              stopwatch.o


    Execution Region RW_IRAM2 (Base: 0x20000000, Size: 0x000001d0, Max: 0x00000800, ABSOLUTE)

    Base Addr    Size         Type   Attr      Idx    E Section Name        Object

    0x20000000   0x000000d0   Data   RW            7    MyData              stopwatch.o
    0x200000d0   0x00000100   Data   RW            3    SSTACK              stopwatch.o


==============================================================================

Image component sizes


      Code (inc. data)   RO Data    RW Data    ZI Data      Debug   Object Name

      1148        236        312        464          0        928   stopwatch.o

    ----------------------------------------------------------------------
      1148        236        776        464          0        928   Object Totals
         0          0          0          0          0          0   (incl. Generated)
         0          0        464          0          0          0   (incl. Padding)

    ----------------------------------------------------------------------
         0          0          0          0          0          0   Library Totals
         0          0          0          0          0          0   (incl. Padding)

    ----------------------------------------------------------------------

==============================================================================


      Code (inc. data)   RO Data    RW Data    ZI Data      Debug   

      1148        236        776        464          0        928   Grand Totals
      1148        236        776        464          0        928   ELF Image Totals
      1148        236        776        464          0          0   ROM Totals

==============================================================================

    Total RO  Size (Code + RO Data)                 1924 (   1.88kB)
    Total RW  Size (RW Data + ZI Data)               464 (   0.45kB)
    Total ROM Size (Code + RO Data + RW Data)       2388 (   2.33kB)

==============================================================================

