ARM Linker, 5.03 [Build 76] [MDK-ARM Professional]

==============================================================================

Section Cross References

    serail i-o.o(RESET) refers to serail i-o.o(SSTACK) for SP_INIT
    serail i-o.o(RESET) refers to serail i-o.o(MyCode) for Reset_Handler
    serail i-o.o(Start) refers to serail i-o.o(MyConst) for __EndMyConst
    serail i-o.o(Start) refers to serail i-o.o(.ARM.__at_0x400) for __END_FCF
    serail i-o.o(Start) refers to serail i-o.o(MyCode) for __EndMyCode
    serail i-o.o(Start) refers to serail i-o.o(MyData) for MyData
    serail i-o.o(MyCode) refers to serail i-o.o(Start) for SystemInit
    serail i-o.o(MyCode) refers to serail i-o.o(MyConst) for fp_string


==============================================================================

Image Symbol Table

    Local Symbols

    Symbol Name                              Value     Ov Type        Size  Object(Section)

    RESET                                    0x00000000   Section      192  serail i-o.o(RESET)
    Serail I-O.s                             0x00000000   Number         0  serail i-o.o ABSOLUTE
    MyCode                                   0x000000c0   Section      404  serail i-o.o(MyCode)
    PutChar                                  0x00000169   Thumb Code     0  serail i-o.o(MyCode)
    __EndMyCode                              0x00000230   Data           0  serail i-o.o(MyCode)
    Start                                    0x00000254   Section      300  serail i-o.o(Start)
    SystemInit                               0x00000255   Thumb Code     0  serail i-o.o(Start)
    SetClock48MHz                            0x000002b1   Thumb Code     0  serail i-o.o(Start)
    MyConst                                  0x00000380   Section       84  serail i-o.o(MyConst)
    fp_string                                0x00000380   Data          29  serail i-o.o(MyConst)
    jl_string                                0x0000039d   Data          21  serail i-o.o(MyConst)
    md_string                                0x000003b2   Data          34  serail i-o.o(MyConst)
    __EndMyConst                             0x000003d4   Data           0  serail i-o.o(MyConst)
    .ARM.__at_0x400                          0x00000400   Section       16  serail i-o.o(.ARM.__at_0x400)
    __END_FCF                                0x00000410   Data           0  serail i-o.o(.ARM.__at_0x400)
    MyData                                   0x20000000   Section        0  serail i-o.o(MyData)
    SSTACK                                   0x20000000   Section      256  serail i-o.o(SSTACK)
    __EndMyData                              0x20000000   Data           0  serail i-o.o(MyData)
    SP_INIT                                  0x20000100   Data           0  serail i-o.o(SSTACK)

    Global Symbols

    Symbol Name                              Value     Ov Type        Size  Object(Section)

    BuildAttributes$$THM_ISAv3M$S$PE$A:L22$X:L11$S22$IEEE1$IW$USESV6$~STKCKD$USESV7$~SHL$OSPACE$EBA8$STANDARDLIB$EABIv2 0x00000000   Number         0  anon$$obj.o ABSOLUTE
    __Vectors                                0x00000000   Data           0  serail i-o.o(RESET)
    Reset_Handler                            0x000000c1   Thumb Code     0  serail i-o.o(MyCode)



==============================================================================

Memory Map of the image

  Image Entry point : 0x000000c1

  Load Region LR_1 (Base: 0x00000000, Size: 0x00000510, Max: 0xffffffff, ABSOLUTE)

    Execution Region ER_RO (Base: 0x00000000, Size: 0x00000410, Max: 0xffffffff, ABSOLUTE)

    Base Addr    Size         Type   Attr      Idx    E Section Name        Object

    0x00000000   0x000000c0   Data   RO            2    RESET               serail i-o.o
    0x000000c0   0x00000194   Code   RO            5  * MyCode              serail i-o.o
    0x00000254   0x0000012c   Code   RO            3    Start               serail i-o.o
    0x00000380   0x00000054   Data   RO            6    MyConst             serail i-o.o
    0x000003d4   0x0000002c   PAD
    0x00000400   0x00000010   Code   RO            1    .ARM.__at_0x400     serail i-o.o


    Execution Region ER_RW (Base: 0x20000000, Size: 0x00000100, Max: 0xffffffff, ABSOLUTE)

    Base Addr    Size         Type   Attr      Idx    E Section Name        Object

    0x20000000   0x00000000   Data   RW            7    MyData              serail i-o.o
    0x20000000   0x00000100   Data   RW            4    SSTACK              serail i-o.o


    Execution Region ER_ZI (Base: 0x20000100, Size: 0x00000000, Max: 0xffffffff, ABSOLUTE)

    **** No section assigned to this execution region ****


==============================================================================

Image component sizes


      Code (inc. data)   RO Data    RW Data    ZI Data      Debug   Object Name

       720        178        276        256          0        764   serail i-o.o

    ----------------------------------------------------------------------
       720        178        320        256          0        764   Object Totals
         0          0          0          0          0          0   (incl. Generated)
         0          0         44          0          0          0   (incl. Padding)

    ----------------------------------------------------------------------
         0          0          0          0          0          0   Library Totals
         0          0          0          0          0          0   (incl. Padding)

    ----------------------------------------------------------------------

==============================================================================


      Code (inc. data)   RO Data    RW Data    ZI Data      Debug   

       720        178        320        256          0        764   Grand Totals
       720        178        320        256          0        764   ELF Image Totals
       720        178        320        256          0          0   ROM Totals

==============================================================================

    Total RO  Size (Code + RO Data)                 1040 (   1.02kB)
    Total RW  Size (RW Data + ZI Data)               256 (   0.25kB)
    Total ROM Size (Code + RO Data + RW Data)       1296 (   1.27kB)

==============================================================================

