ARM Linker, 5.03 [Build 76] [MDK-ARM Professional]

==============================================================================

Section Cross References

    games.o(MyCode) refers to games.o(Start) for SystemInit
    games.o(MyCode) refers to games.o(MyData) for TxRec
    games.o(MyCode) refers to games.o(MyConst) for Instruct
    games.o(RESET) refers to games.o(SSTACK) for SP_INIT
    games.o(RESET) refers to games.o(MyCode) for Reset_Handler
    games.o(RESET) refers to games.o(Start) for Dummy_Handler


==============================================================================

Image Symbol Table

    Local Symbols

    Symbol Name                              Value     Ov Type        Size  Object(Section)

    RESET                                    0x00000000   Section      192  games.o(RESET)
    Games.s                                  0x00000000   Number         0  games.o ABSOLUTE
    Start                                    0x000000c0   Section      248  games.o(Start)
    SystemInit                               0x000000c1   Thumb Code     0  games.o(Start)
    SetClock48MHz                            0x000000f7   Thumb Code     0  games.o(Start)
    Dummy_Handler                            0x00000195   Thumb Code     0  games.o(Start)
    MyConst                                  0x000001b8   Section      302  games.o(MyConst)
    Instruct                                 0x000001b8   Data         161  games.o(MyConst)
    NewLine                                  0x00000259   Data           4  games.o(MyConst)
    Wrong                                    0x0000025d   Data          14  games.o(MyConst)
    Correct                                  0x0000026b   Data          13  games.o(MyConst)
    TimeOut                                  0x00000278   Data          12  games.o(MyConst)
    CWRed                                    0x00000284   Data          19  games.o(MyConst)
    CWGreen                                  0x00000297   Data          21  games.o(MyConst)
    CWBlue                                   0x000002ac   Data          20  games.o(MyConst)
    CWWhite                                  0x000002c0   Data          21  games.o(MyConst)
    GameOver                                 0x000002d5   Data          17  games.o(MyConst)
    .ARM.__at_0x400                          0x00000400   Section       16  games.o(.ARM.__at_0x400)
    MyCode                                   0x00000410   Section     1304  games.o(MyCode)
    PIT_ISR                                  0x000007cb   Thumb Code     0  games.o(MyCode)
    UART1_ISR                                0x000007e5   Thumb Code     2  games.o(MyCode)
    MyData                                   0x20000000   Section      212  games.o(MyData)
    TxRec                                    0x20000000   Data          18  games.o(MyData)
    TxBuff                                   0x20000014   Data          80  games.o(MyData)
    RxRec                                    0x20000064   Data          18  games.o(MyData)
    RxBuff                                   0x20000078   Data          80  games.o(MyData)
    Time                                     0x200000cc   Data           1  games.o(MyData)
    RunPIT                                   0x200000d0   Data           1  games.o(MyData)
    SSTACK                                   0x200000d4   Section      256  games.o(SSTACK)
    SP_INIT                                  0x200001d4   Data           0  games.o(SSTACK)

    Global Symbols

    Symbol Name                              Value     Ov Type        Size  Object(Section)

    BuildAttributes$$THM_ISAv3M$S$PE$A:L22$X:L11$S22$IEEE1$IW$USESV6$~STKCKD$USESV7$~SHL$OSPACE$EBA8$STANDARDLIB$EABIv2 0x00000000   Number         0  anon$$obj.o ABSOLUTE
    __Vectors                                0x00000000   Data           0  games.o(RESET)
    Reset_Handler                            0x00000411   Thumb Code     0  games.o(MyCode)



==============================================================================

Memory Map of the image

  Image Entry point : 0x00000411

  Load Region LR_IROM1 (Base: 0x00000000, Size: 0x00000afc, Max: 0x00020000, ABSOLUTE)

    Execution Region ER_IROM1 (Base: 0x00000000, Size: 0x00000928, Max: 0x00020000, ABSOLUTE)

    Base Addr    Size         Type   Attr      Idx    E Section Name        Object

    0x00000000   0x000000c0   Data   RO            5    RESET               games.o
    0x000000c0   0x000000f8   Code   RO            2    Start               games.o
    0x000001b8   0x0000012e   Data   RO            6    MyConst             games.o
    0x000002e6   0x0000011a   PAD
    0x00000400   0x00000010   Code   RO            1    .ARM.__at_0x400     games.o
    0x00000410   0x00000518   Code   RO            4  * MyCode              games.o


    Execution Region RW_IRAM2 (Base: 0x20000000, Size: 0x000001d4, Max: 0x00003000, ABSOLUTE)

    Base Addr    Size         Type   Attr      Idx    E Section Name        Object

    0x20000000   0x000000d4   Data   RW            7    MyData              games.o
    0x200000d4   0x00000100   Data   RW            3    SSTACK              games.o


==============================================================================

Image component sizes


      Code (inc. data)   RO Data    RW Data    ZI Data      Debug   Object Name

      1568        336        494        468          0       1068   games.o

    ----------------------------------------------------------------------
      1568        336        776        468          0       1068   Object Totals
         0          0          0          0          0          0   (incl. Generated)
         0          0        282          0          0          0   (incl. Padding)

    ----------------------------------------------------------------------
         0          0          0          0          0          0   Library Totals
         0          0          0          0          0          0   (incl. Padding)

    ----------------------------------------------------------------------

==============================================================================


      Code (inc. data)   RO Data    RW Data    ZI Data      Debug   

      1568        336        776        468          0       1068   Grand Totals
      1568        336        776        468          0       1068   ELF Image Totals
      1568        336        776        468          0          0   ROM Totals

==============================================================================

    Total RO  Size (Code + RO Data)                 2344 (   2.29kB)
    Total RW  Size (RW Data + ZI Data)               468 (   0.46kB)
    Total ROM Size (Code + RO Data + RW Data)       2812 (   2.75kB)

==============================================================================

