ARM Linker, 5.03 [Build 76] [MDK-ARM Professional]

==============================================================================

Section Cross References

    lab8.o(RESET) refers to lab8.o(SSTACK) for SP_INIT
    lab8.o(RESET) refers to lab8.o(MyCode) for Reset_Handler
    lab8.o(Start) refers to lab8.o(MyConst) for __EndMyConst
    lab8.o(Start) refers to lab8.o(.ARM.__at_0x400) for __END_FCF
    lab8.o(Start) refers to lab8.o(MyCode) for __EndMyCode
    lab8.o(Start) refers to lab8.o(MyData) for MyData
    lab8.o(MyCode) refers to lab8.o(Start) for SystemInit
    lab8.o(MyCode) refers to lab8.o(MyData) for QRecord
    lab8.o(MyCode) refers to lab8.o(MyConst) for TypePrmp


==============================================================================

Image Symbol Table

    Local Symbols

    Symbol Name                              Value     Ov Type        Size  Object(Section)

    RESET                                    0x00000000   Section      192  lab8.o(RESET)
    Lab8.s                                   0x00000000   Number         0  lab8.o ABSOLUTE
    Start                                    0x000000c0   Section      300  lab8.o(Start)
    SystemInit                               0x000000c1   Thumb Code     0  lab8.o(Start)
    SetClock48MHz                            0x0000011d   Thumb Code     0  lab8.o(Start)
    MyConst                                  0x000001ec   Section      168  lab8.o(MyConst)
    TypePrmp                                 0x000001ec   Data          34  lab8.o(MyConst)
    CharPrmp                                 0x0000020e   Data          22  lab8.o(MyConst)
    Sec                                      0x00000224   Data          11  lab8.o(MyConst)
    Fail                                     0x0000022f   Data          11  lab8.o(MyConst)
    Status                                   0x0000023a   Data          10  lab8.o(MyConst)
    In                                       0x00000244   Data           4  lab8.o(MyConst)
    Out                                      0x00000248   Data           7  lab8.o(MyConst)
    Num                                      0x0000024f   Data           7  lab8.o(MyConst)
    help                                     0x00000256   Data          60  lab8.o(MyConst)
    __EndMyConst                             0x00000294   Data           0  lab8.o(MyConst)
    .ARM.__at_0x400                          0x00000400   Section       16  lab8.o(.ARM.__at_0x400)
    MyCode                                   0x00000410   Section      920  lab8.o(MyCode)
    __END_FCF                                0x00000410   Data           0  lab8.o(.ARM.__at_0x400)
    PutChar                                  0x0000064d   Thumb Code     0  lab8.o(MyCode)
    DIVU                                     0x00000673   Thumb Code     2  lab8.o(MyCode)
    __EndMyCode                              0x00000750   Data           0  lab8.o(MyCode)
    MyData                                   0x20000000   Section       22  lab8.o(MyData)
    QBuffer                                  0x20000000   Data           4  lab8.o(MyData)
    QRecord                                  0x20000004   Data          18  lab8.o(MyData)
    __EndMyData                              0x20000016   Data           0  lab8.o(MyData)
    SSTACK                                   0x20000018   Section      256  lab8.o(SSTACK)
    SP_INIT                                  0x20000118   Data           0  lab8.o(SSTACK)

    Global Symbols

    Symbol Name                              Value     Ov Type        Size  Object(Section)

    BuildAttributes$$THM_ISAv3M$S$PE$A:L22$X:L11$S22$IEEE1$IW$USESV6$~STKCKD$USESV7$~SHL$OSPACE$EBA8$STANDARDLIB$EABIv2 0x00000000   Number         0  anon$$obj.o ABSOLUTE
    __Vectors                                0x00000000   Data           0  lab8.o(RESET)
    Reset_Handler                            0x00000411   Thumb Code     0  lab8.o(MyCode)



==============================================================================

Memory Map of the image

  Image Entry point : 0x00000411

  Load Region LR_IROM1 (Base: 0x00000000, Size: 0x000008c0, Max: 0x00020000, ABSOLUTE)

    Execution Region ER_IROM1 (Base: 0x00000000, Size: 0x000007a8, Max: 0x00020000, ABSOLUTE)

    Base Addr    Size         Type   Attr      Idx    E Section Name        Object

    0x00000000   0x000000c0   Data   RO            2    RESET               lab8.o
    0x000000c0   0x0000012c   Code   RO            3    Start               lab8.o
    0x000001ec   0x000000a8   Data   RO            6    MyConst             lab8.o
    0x00000294   0x0000016c   PAD
    0x00000400   0x00000010   Code   RO            1    .ARM.__at_0x400     lab8.o
    0x00000410   0x00000398   Code   RO            5  * MyCode              lab8.o


    Execution Region RW_IRAM1 (Base: 0x20000000, Size: 0x00000118, Max: 0x00003000, ABSOLUTE)

    Base Addr    Size         Type   Attr      Idx    E Section Name        Object

    0x20000000   0x00000016   Data   RW            7    MyData              lab8.o
    0x20000016   0x00000002   PAD
    0x20000018   0x00000100   Data   RW            4    SSTACK              lab8.o


==============================================================================

Image component sizes


      Code (inc. data)   RO Data    RW Data    ZI Data      Debug   Object Name

      1236        166        360        278          0        948   lab8.o

    ----------------------------------------------------------------------
      1236        166        724        280          0        948   Object Totals
         0          0          0          0          0          0   (incl. Generated)
         0          0        364          2          0          0   (incl. Padding)

    ----------------------------------------------------------------------
         0          0          0          0          0          0   Library Totals
         0          0          0          0          0          0   (incl. Padding)

    ----------------------------------------------------------------------

==============================================================================


      Code (inc. data)   RO Data    RW Data    ZI Data      Debug   

      1236        166        724        280          0        948   Grand Totals
      1236        166        724        280          0        948   ELF Image Totals
      1236        166        724        280          0          0   ROM Totals

==============================================================================

    Total RO  Size (Code + RO Data)                 1960 (   1.91kB)
    Total RW  Size (RW Data + ZI Data)               280 (   0.27kB)
    Total ROM Size (Code + RO Data + RW Data)       2240 (   2.19kB)

==============================================================================

