ARM Linker, 5.03 [Build 76] [MDK-ARM Lite]

==============================================================================

Section Cross References

    stringops.o(RESET) refers to stringops.o(SSTACK) for SP_INIT
    stringops.o(RESET) refers to stringops.o(MyCode) for Reset_Handler
    stringops.o(Start) refers to stringops.o(MyConst) for __EndMyConst
    stringops.o(Start) refers to stringops.o(.ARM.__at_0x400) for __END_FCF
    stringops.o(Start) refers to stringops.o(MyCode) for __EndMyCode
    stringops.o(Start) refers to stringops.o(MyData) for MyData
    stringops.o(MyCode) refers to stringops.o(Start) for SystemInit
    stringops.o(MyCode) refers to stringops.o(MyConst) for InitString
    stringops.o(MyCode) refers to stringops.o(MyData) for OpString


==============================================================================

Image Symbol Table

    Local Symbols

    Symbol Name                              Value     Ov Type        Size  Object(Section)

    RESET                                    0x00000000   Section      192  stringops.o(RESET)
    StringOps.s                              0x00000000   Number         0  stringops.o ABSOLUTE
    Start                                    0x000000c0   Section      300  stringops.o(Start)
    SystemInit                               0x000000c1   Thumb Code     0  stringops.o(Start)
    SetClock48MHz                            0x0000011d   Thumb Code     0  stringops.o(Start)
    MyConst                                  0x000001ec   Section      188  stringops.o(MyConst)
    InitString                               0x000001ec   Data          15  stringops.o(MyConst)
    NewLinePrmp                              0x000001fb   Data           3  stringops.o(MyConst)
    TypePrmp                                 0x000001fe   Data          36  stringops.o(MyConst)
    CompPrmp                                 0x0000023b   Data          36  stringops.o(MyConst)
    DiffLenPrmp                              0x0000025f   Data          19  stringops.o(MyConst)
    SameLenPrmp                              0x00000272   Data          14  stringops.o(MyConst)
    InvalidPrmp                              0x00000280   Data          19  stringops.o(MyConst)
    FoundPrmp                                0x00000293   Data           8  stringops.o(MyConst)
    NotFoundPrmp                             0x0000029b   Data          12  stringops.o(MyConst)
    __EndMyConst                             0x000002a8   Data           0  stringops.o(MyConst)
    .ARM.__at_0x400                          0x00000400   Section       16  stringops.o(.ARM.__at_0x400)
    MyCode                                   0x00000410   Section      856  stringops.o(MyCode)
    __END_FCF                                0x00000410   Data           0  stringops.o(.ARM.__at_0x400)
    PutChar                                  0x00000539   Thumb Code     0  stringops.o(MyCode)
    DIVU                                     0x000005ed   Thumb Code     2  stringops.o(MyCode)
    __EndMyCode                              0x000006cc   Data           0  stringops.o(MyCode)
    MyData                                   0x20000000   Section      158  stringops.o(MyData)
    OpString                                 0x20000000   Data          79  stringops.o(MyData)
    TempString                               0x2000004f   Data          79  stringops.o(MyData)
    __EndMyData                              0x2000009e   Data           0  stringops.o(MyData)
    SSTACK                                   0x200000a0   Section      256  stringops.o(SSTACK)
    SP_INIT                                  0x200001a0   Data           0  stringops.o(SSTACK)

    Global Symbols

    Symbol Name                              Value     Ov Type        Size  Object(Section)

    BuildAttributes$$THM_ISAv3M$S$PE$A:L22$X:L11$S22$IEEE1$IW$USESV6$~STKCKD$USESV7$~SHL$OSPACE$EBA8$STANDARDLIB$EABIv2 0x00000000   Number         0  anon$$obj.o ABSOLUTE
    __Vectors                                0x00000000   Data           0  stringops.o(RESET)
    Reset_Handler                            0x00000411   Thumb Code     0  stringops.o(MyCode)



==============================================================================

Memory Map of the image

  Image Entry point : 0x00000411

  Load Region LR_IROM1 (Base: 0x00000000, Size: 0x00000908, Max: 0x00020000, ABSOLUTE)

    Execution Region ER_IROM1 (Base: 0x00000000, Size: 0x00000768, Max: 0x00020000, ABSOLUTE)

    Base Addr    Size         Type   Attr      Idx    E Section Name        Object

    0x00000000   0x000000c0   Data   RO            2    RESET               stringops.o
    0x000000c0   0x0000012c   Code   RO            3    Start               stringops.o
    0x000001ec   0x000000bc   Data   RO            6    MyConst             stringops.o
    0x000002a8   0x00000158   PAD
    0x00000400   0x00000010   Code   RO            1    .ARM.__at_0x400     stringops.o
    0x00000410   0x00000358   Code   RO            5  * MyCode              stringops.o


    Execution Region RW_IRAM1 (Base: 0x20000000, Size: 0x000001a0, Max: 0x00003000, ABSOLUTE)

    Base Addr    Size         Type   Attr      Idx    E Section Name        Object

    0x20000000   0x0000009e   Data   RW            7    MyData              stringops.o
    0x2000009e   0x00000002   PAD
    0x200000a0   0x00000100   Data   RW            4    SSTACK              stringops.o


==============================================================================

Image component sizes


      Code (inc. data)   RO Data    RW Data    ZI Data      Debug   Object Name

      1172        236        380        414          0        944   stringops.o

    ----------------------------------------------------------------------
      1172        236        724        416          0        944   Object Totals
         0          0          0          0          0          0   (incl. Generated)
         0          0        344          2          0          0   (incl. Padding)

    ----------------------------------------------------------------------
         0          0          0          0          0          0   Library Totals
         0          0          0          0          0          0   (incl. Padding)

    ----------------------------------------------------------------------

==============================================================================


      Code (inc. data)   RO Data    RW Data    ZI Data      Debug   

      1172        236        724        416          0        944   Grand Totals
      1172        236        724        416          0        944   ELF Image Totals
      1172        236        724        416          0          0   ROM Totals

==============================================================================

    Total RO  Size (Code + RO Data)                 1896 (   1.85kB)
    Total RW  Size (RW Data + ZI Data)               416 (   0.41kB)
    Total ROM Size (Code + RO Data + RW Data)       2312 (   2.26kB)

==============================================================================

