ARM Linker, 5.03 [Build 76] [MDK-ARM Professional]

==============================================================================

Section Cross References

    stringio.o(RESET) refers to stringio.o(SSTACK) for SP_INIT
    stringio.o(RESET) refers to stringio.o(MyCode) for Reset_Handler
    stringio.o(Start) refers to stringio.o(MyConst) for __EndMyConst
    stringio.o(Start) refers to stringio.o(.ARM.__at_0x400) for __END_FCF
    stringio.o(Start) refers to stringio.o(MyCode) for __EndMyCode
    stringio.o(Start) refers to stringio.o(MyData) for MyData
    stringio.o(MyCode) refers to stringio.o(Start) for SystemInit
    stringio.o(MyCode) refers to stringio.o(MyData) for String
    stringio.o(MyCode) refers to stringio.o(MyConst) for LenString


==============================================================================

Image Symbol Table

    Local Symbols

    Symbol Name                              Value     Ov Type        Size  Object(Section)

    RESET                                    0x00000000   Section      192  stringio.o(RESET)
    StringIO.s                               0x00000000   Number         0  stringio.o ABSOLUTE
    MyCode                                   0x000000c0   Section      464  stringio.o(MyCode)
    PutChar                                  0x000001f3   Thumb Code     0  stringio.o(MyCode)
    DIVU                                     0x00000205   Thumb Code     2  stringio.o(MyCode)
    __EndMyCode                              0x00000260   Data           0  stringio.o(MyCode)
    Start                                    0x00000290   Section      300  stringio.o(Start)
    SystemInit                               0x00000291   Thumb Code     0  stringio.o(Start)
    SetClock48MHz                            0x000002ed   Thumb Code     0  stringio.o(Start)
    MyConst                                  0x000003bc   Section       24  stringio.o(MyConst)
    Prompt                                   0x000003bc   Data          16  stringio.o(MyConst)
    LenString                                0x000003cc   Data           8  stringio.o(MyConst)
    __EndMyConst                             0x000003d4   Data           0  stringio.o(MyConst)
    .ARM.__at_0x400                          0x00000400   Section       16  stringio.o(.ARM.__at_0x400)
    __END_FCF                                0x00000410   Data           0  stringio.o(.ARM.__at_0x400)
    MyData                                   0x20000000   Section       80  stringio.o(MyData)
    String                                   0x20000000   Data          78  stringio.o(MyData)
    SSTACK                                   0x20000050   Section      256  stringio.o(SSTACK)
    __EndMyData                              0x20000050   Data           0  stringio.o(MyData)
    SP_INIT                                  0x20000150   Data           0  stringio.o(SSTACK)

    Global Symbols

    Symbol Name                              Value     Ov Type        Size  Object(Section)

    BuildAttributes$$THM_ISAv3M$S$PE$A:L22$X:L11$S22$IEEE1$IW$USESV6$~STKCKD$USESV7$~SHL$OSPACE$EBA8$STANDARDLIB$EABIv2 0x00000000   Number         0  anon$$obj.o ABSOLUTE
    __Vectors                                0x00000000   Data           0  stringio.o(RESET)
    Reset_Handler                            0x000000c1   Thumb Code     0  stringio.o(MyCode)



==============================================================================

Memory Map of the image

  Image Entry point : 0x000000c1

  Load Region LR_IROM1 (Base: 0x00000000, Size: 0x00000560, Max: 0x00020000, ABSOLUTE)

    Execution Region ER_IROM1 (Base: 0x00000000, Size: 0x00000410, Max: 0x00020000, ABSOLUTE)

    Base Addr    Size         Type   Attr      Idx    E Section Name        Object

    0x00000000   0x000000c0   Data   RO            2    RESET               stringio.o
    0x000000c0   0x000001d0   Code   RO            5  * MyCode              stringio.o
    0x00000290   0x0000012c   Code   RO            3    Start               stringio.o
    0x000003bc   0x00000018   Data   RO            6    MyConst             stringio.o
    0x000003d4   0x0000002c   PAD
    0x00000400   0x00000010   Code   RO            1    .ARM.__at_0x400     stringio.o


    Execution Region RW_IRAM1 (Base: 0x20000000, Size: 0x00000150, Max: 0x00003000, ABSOLUTE)

    Base Addr    Size         Type   Attr      Idx    E Section Name        Object

    0x20000000   0x00000050   Data   RW            7    MyData              stringio.o
    0x20000050   0x00000100   Data   RW            4    SSTACK              stringio.o


==============================================================================

Image component sizes


      Code (inc. data)   RO Data    RW Data    ZI Data      Debug   Object Name

       780        124        216        336          0        792   stringio.o

    ----------------------------------------------------------------------
       780        124        260        336          0        792   Object Totals
         0          0          0          0          0          0   (incl. Generated)
         0          0         44          0          0          0   (incl. Padding)

    ----------------------------------------------------------------------
         0          0          0          0          0          0   Library Totals
         0          0          0          0          0          0   (incl. Padding)

    ----------------------------------------------------------------------

==============================================================================


      Code (inc. data)   RO Data    RW Data    ZI Data      Debug   

       780        124        260        336          0        792   Grand Totals
       780        124        260        336          0        792   ELF Image Totals
       780        124        260        336          0          0   ROM Totals

==============================================================================

    Total RO  Size (Code + RO Data)                 1040 (   1.02kB)
    Total RW  Size (RW Data + ZI Data)               336 (   0.33kB)
    Total ROM Size (Code + RO Data + RW Data)       1376 (   1.34kB)

==============================================================================

